// Jest Snapshot v1, https://goo.gl/fbAQLP

exports[`Article Component 1`] = `
<div
  className="col s12 m6 l6 height"
>
  <div
    className="card card-panel hoverable"
  >
    <div
      className="card-image"
    >
      <img
        alt="Headline"
        src=""
      />
      <span
        className="card-title"
      />
    </div>
    <div
      className="card-content"
    >
      <p
        className="truncate"
      />
    </div>
    <div
      className="row"
    >
      <div
        className="card-action col s6"
      >
        <a
          href=""
          rel="noopener noreferrer"
          target="_blank"
        >
          View More
        </a>
      </div>
      <div
        className="col s6"
      >
        <Share
          share=""
          title=""
        />
      </div>
    </div>
  </div>
</div>
`;
