// Jest Snapshot v1, https://goo.gl/fbAQLP

exports[`Component render a button 1`] = `
<div
  className="col l5 m5 s12"
>
  <div
    className="card"
  >
    <div
      className="card-image"
    >
      <img
        alt="Headline"
        src=""
      />
      <span
        className="card-title"
      >
        BBC world news
      </span>
    </div>
    <div
      className="card-content"
    >
      <p>
        
      </p>
    </div>
    <div
      className="card-action"
    >
      <a
        href=""
        rel="noopener noreferrer"
        target="_blank"
      >
        View More
      </a>
    </div>
  </div>
</div>
`;
