// Jest Snapshot v1, https://goo.gl/fbAQLP

exports[`Home Component 1`] = `
<div
  className="container"
>
  <div
    className="row"
  >
    <div
      className="col m8"
    >
      <input
        className="validate"
        id="source_search"
        onChange={[Function]}
        placeholder="Search for sources"
        type="text"
      />
    </div>
    <div
      className="col m4"
    >
      <form>
        <select
          className="browser-default input-field"
        >
          <option
            value=""
          >
            All
          </option>
          <option
            value="business"
          >
            Business
          </option>
          <option
            value="entertainment"
          >
            Entertainment
          </option>
          <option
            value="gaming"
          >
            Gaming
          </option>
          <option
            value="general"
          >
            General
          </option>
          <option
            value="music"
          >
            Music
          </option>
          <option
            value="politics"
          >
            Politics
          </option>
          <option
            value="science-and-nature"
          >
            Science and Nature
          </option>
          <option
            value="sport"
          >
            Sport
          </option>
          <option
            value="technology"
          >
            Technology
          </option>
        </select>
      </form>
    </div>
  </div>
  <div
    className="row"
  >
    <div />
  </div>
</div>
`;
