// Jest Snapshot v1, https://goo.gl/fbAQLP

exports[`Navbar component 1`] = `
<Nav>
  <div>
    <nav>
      <div
        className="nav-wrapper teal lighten-1"
      >
        <div
          className="button-collapse"
          data-activates="mobile-demo"
        >
          <i
            className="material-icons"
          >
            menu
          </i>
        </div>
        <ul
          className="right hide-on-med-and-down"
        >
          <li>
            <IndexLink
              to="/"
            >
              <Link
                onlyActiveOnIndex={true}
                style={Object {}}
                to="/"
              >
                <a
                  onClick={[Function]}
                  style={Object {}}
                >
                  Home
                </a>
              </Link>
            </IndexLink>
          </li>
          <li>
            <Link
              onClick={[Function]}
              onlyActiveOnIndex={false}
              style={Object {}}
              to="/logout"
            >
              <a
                onClick={[Function]}
                style={Object {}}
              >
                Logout
              </a>
            </Link>
          </li>
        </ul>
        <ul
          className="side-nav"
          id="mobile-demo"
        >
          <li>
            <Link
              onlyActiveOnIndex={false}
              style={Object {}}
              to="/"
            >
              <a
                onClick={[Function]}
                style={Object {}}
              >
                Home
              </a>
            </Link>
          </li>
          <li>
             
            <Link
              onClick={[Function]}
              onlyActiveOnIndex={false}
              style={Object {}}
              to="/logout"
            >
              <a
                onClick={[Function]}
                style={Object {}}
              >
                Logout
              </a>
            </Link>
          </li>
        </ul>
      </div>
    </nav>
  </div>
</Nav>
`;
