// Jest Snapshot v1, https://goo.gl/fbAQLP

exports[`Should Match the Sources Component 1`] = `
<Sources
  description=""
  id=""
  name=""
  sortBysAvailable={Array []}
>
  <div
    className="col s12 m6 l4 "
  >
    <h5 />
    <p
      className="truncate"
    />
    <button
      className="btn btn-default"
      onClick={[Function]}
    >
      View Headlines
    </button>
  </div>
</Sources>
`;
